relay ready on 127.0.0.1:8141 (cap=20000)
----------------------------------------
Exception occurred during processing of request from ('127.0.0.1', 50510)
Traceback (most recent call last):
  File "/usr/lib/python3.12/socketserver.py", line 692, in process_request_thread
    self.finish_request(request, client_address)
  File "/usr/lib/python3.12/socketserver.py", line 362, in finish_request
    self.RequestHandlerClass(request, client_address, self)
  File "/usr/lib/python3.12/socketserver.py", line 761, in __init__
    self.handle()
  File "/usr/lib/python3.12/http/server.py", line 436, in handle
    self.handle_one_request()
  File "/usr/lib/python3.12/http/server.py", line 424, in handle_one_request
    method()
  File "/mnt/d/skillloop/research/experiments/148_tau2_retail_autoskill/scripts/model_relay.py", line 130, in do_POST
    seq = reserve()
          ^^^^^^^^^
  File "/mnt/d/skillloop/research/experiments/148_tau2_retail_autoskill/scripts/model_relay.py", line 66, in reserve
    save_state()
  File "/mnt/d/skillloop/research/experiments/148_tau2_retail_autoskill/scripts/model_relay.py", line 74, in save_state
    tmp.replace(LEDGER / "budget_state.json")
  File "/usr/lib/python3.12/pathlib.py", line 1378, in replace
    os.replace(self, target)
FileNotFoundError: [Errno 2] No such file or directory: '/mnt/d/skillloop/research/experiments/148_tau2_retail_autoskill/ledger/budget_state.json.tmp' -> '/mnt/d/skillloop/research/experiments/148_tau2_retail_autoskill/ledger/budget_state.json'
----------------------------------------
----------------------------------------
Exception occurred during processing of request from ('127.0.0.1', 50606)
Traceback (most recent call last):
  File "/usr/lib/python3.12/socketserver.py", line 692, in process_request_thread
    self.finish_request(request, client_address)
  File "/usr/lib/python3.12/socketserver.py", line 362, in finish_request
    self.RequestHandlerClass(request, client_address, self)
  File "/usr/lib/python3.12/socketserver.py", line 761, in __init__
    self.handle()
  File "/usr/lib/python3.12/http/server.py", line 436, in handle
    self.handle_one_request()
  File "/usr/lib/python3.12/http/server.py", line 424, in handle_one_request
    method()
  File "/mnt/d/skillloop/research/experiments/148_tau2_retail_autoskill/scripts/model_relay.py", line 130, in do_POST
    seq = reserve()
          ^^^^^^^^^
  File "/mnt/d/skillloop/research/experiments/148_tau2_retail_autoskill/scripts/model_relay.py", line 66, in reserve
    save_state()
  File "/mnt/d/skillloop/research/experiments/148_tau2_retail_autoskill/scripts/model_relay.py", line 73, in save_state
    tmp.write_text(json.dumps(_state, indent=2), encoding="utf-8")
  File "/usr/lib/python3.12/pathlib.py", line 1049, in write_text
    with self.open(mode='w', encoding=encoding, errors=errors, newline=newline) as f:
         ^^^^^^^^^^^^^^^^^^^^^^^^^^^^^^^^^^^^^^^^^^^^^^^^^^^^^^^^^^^^^^^^^^^^^^
  File "/usr/lib/python3.12/pathlib.py", line 1015, in open
    return io.open(self, mode, buffering, encoding, errors, newline)
           ^^^^^^^^^^^^^^^^^^^^^^^^^^^^^^^^^^^^^^^^^^^^^^^^^^^^^^^^^
FileNotFoundError: [Errno 2] No such file or directory: '/mnt/d/skillloop/research/experiments/148_tau2_retail_autoskill/ledger/budget_state.json.tmp'
----------------------------------------
----------------------------------------
Exception occurred during processing of request from ('127.0.0.1', 49526)
Traceback (most recent call last):
  File "/usr/lib/python3.12/socketserver.py", line 692, in process_request_thread
    self.finish_request(request, client_address)
  File "/usr/lib/python3.12/socketserver.py", line 362, in finish_request
    self.RequestHandlerClass(request, client_address, self)
  File "/usr/lib/python3.12/socketserver.py", line 761, in __init__
    self.handle()
  File "/usr/lib/python3.12/http/server.py", line 436, in handle
    self.handle_one_request()
  File "/usr/lib/python3.12/http/server.py", line 424, in handle_one_request
    method()
  File "/mnt/d/skillloop/research/experiments/148_tau2_retail_autoskill/scripts/model_relay.py", line 130, in do_POST
    seq = reserve()
          ^^^^^^^^^
  File "/mnt/d/skillloop/research/experiments/148_tau2_retail_autoskill/scripts/model_relay.py", line 66, in reserve
    save_state()
  File "/mnt/d/skillloop/research/experiments/148_tau2_retail_autoskill/scripts/model_relay.py", line 74, in save_state
    tmp.replace(LEDGER / "budget_state.json")
  File "/usr/lib/python3.12/pathlib.py", line 1378, in replace
    os.replace(self, target)
FileNotFoundError: [Errno 2] No such file or directory: '/mnt/d/skillloop/research/experiments/148_tau2_retail_autoskill/ledger/budget_state.json.tmp' -> '/mnt/d/skillloop/research/experiments/148_tau2_retail_autoskill/ledger/budget_state.json'
----------------------------------------
----------------------------------------
Exception occurred during processing of request from ('127.0.0.1', 33016)
Traceback (most recent call last):
  File "/usr/lib/python3.12/socketserver.py", line 692, in process_request_thread
    self.finish_request(request, client_address)
  File "/usr/lib/python3.12/socketserver.py", line 362, in finish_request
    self.RequestHandlerClass(request, client_address, self)
  File "/usr/lib/python3.12/socketserver.py", line 761, in __init__
    self.handle()
  File "/usr/lib/python3.12/http/server.py", line 436, in handle
    self.handle_one_request()
  File "/usr/lib/python3.12/http/server.py", line 424, in handle_one_request
    method()
  File "/mnt/d/skillloop/research/experiments/148_tau2_retail_autoskill/scripts/model_relay.py", line 130, in do_POST
    seq = reserve()
          ^^^^^^^^^
  File "/mnt/d/skillloop/research/experiments/148_tau2_retail_autoskill/scripts/model_relay.py", line 66, in reserve
    save_state()
  File "/mnt/d/skillloop/research/experiments/148_tau2_retail_autoskill/scripts/model_relay.py", line 73, in save_state
    tmp.write_text(json.dumps(_state, indent=2), encoding="utf-8")
  File "/usr/lib/python3.12/pathlib.py", line 1049, in write_text
    with self.open(mode='w', encoding=encoding, errors=errors, newline=newline) as f:
         ^^^^^^^^^^^^^^^^^^^^^^^^^^^^^^^^^^^^^^^^^^^^^^^^^^^^^^^^^^^^^^^^^^^^^^
  File "/usr/lib/python3.12/pathlib.py", line 1015, in open
    return io.open(self, mode, buffering, encoding, errors, newline)
           ^^^^^^^^^^^^^^^^^^^^^^^^^^^^^^^^^^^^^^^^^^^^^^^^^^^^^^^^^
FileNotFoundError: [Errno 2] No such file or directory: '/mnt/d/skillloop/research/experiments/148_tau2_retail_autoskill/ledger/budget_state.json.tmp'
----------------------------------------
----------------------------------------
Exception occurred during processing of request from ('127.0.0.1', 40580)
Traceback (most recent call last):
  File "/usr/lib/python3.12/socketserver.py", line 692, in process_request_thread
    self.finish_request(request, client_address)
  File "/usr/lib/python3.12/socketserver.py", line 362, in finish_request
    self.RequestHandlerClass(request, client_address, self)
  File "/usr/lib/python3.12/socketserver.py", line 761, in __init__
    self.handle()
  File "/usr/lib/python3.12/http/server.py", line 436, in handle
    self.handle_one_request()
  File "/usr/lib/python3.12/http/server.py", line 424, in handle_one_request
    method()
  File "/mnt/d/skillloop/research/experiments/148_tau2_retail_autoskill/scripts/model_relay.py", line 130, in do_POST
    seq = reserve()
          ^^^^^^^^^
  File "/mnt/d/skillloop/research/experiments/148_tau2_retail_autoskill/scripts/model_relay.py", line 66, in reserve
    save_state()
  File "/mnt/d/skillloop/research/experiments/148_tau2_retail_autoskill/scripts/model_relay.py", line 74, in save_state
    tmp.replace(LEDGER / "budget_state.json")
  File "/usr/lib/python3.12/pathlib.py", line 1378, in replace
    os.replace(self, target)
FileNotFoundError: [Errno 2] No such file or directory: '/mnt/d/skillloop/research/experiments/148_tau2_retail_autoskill/ledger/budget_state.json.tmp' -> '/mnt/d/skillloop/research/experiments/148_tau2_retail_autoskill/ledger/budget_state.json'
----------------------------------------
----------------------------------------
Exception occurred during processing of request from ('127.0.0.1', 53796)
----------------------------------------
Exception occurred during processing of request from ('127.0.0.1', 53782)
----------------------------------------
Exception occurred during processing of request from ('127.0.0.1', 53768)
Traceback (most recent call last):
Traceback (most recent call last):
  File "/usr/lib/python3.12/socketserver.py", line 692, in process_request_thread
    self.finish_request(request, client_address)
  File "/usr/lib/python3.12/socketserver.py", line 692, in process_request_thread
    self.finish_request(request, client_address)
  File "/usr/lib/python3.12/socketserver.py", line 362, in finish_request
    self.RequestHandlerClass(request, client_address, self)
  File "/usr/lib/python3.12/socketserver.py", line 362, in finish_request
    self.RequestHandlerClass(request, client_address, self)
  File "/usr/lib/python3.12/socketserver.py", line 761, in __init__
    self.handle()
  File "/usr/lib/python3.12/http/server.py", line 436, in handle
    self.handle_one_request()
  File "/usr/lib/python3.12/socketserver.py", line 761, in __init__
    self.handle()
Traceback (most recent call last):
  File "/usr/lib/python3.12/socketserver.py", line 692, in process_request_thread
    self.finish_request(request, client_address)
  File "/usr/lib/python3.12/socketserver.py", line 362, in finish_request
    self.RequestHandlerClass(request, client_address, self)
  File "/usr/lib/python3.12/http/server.py", line 424, in handle_one_request
    method()
  File "/mnt/d/skillloop/research/experiments/148_tau2_retail_autoskill/scripts/model_relay.py", line 130, in do_POST
    seq = reserve()
          ^^^^^^^^^
  File "/usr/lib/python3.12/http/server.py", line 436, in handle
    self.handle_one_request()
  File "/usr/lib/python3.12/http/server.py", line 424, in handle_one_request
    method()
  File "/mnt/d/skillloop/research/experiments/148_tau2_retail_autoskill/scripts/model_relay.py", line 130, in do_POST
    seq = reserve()
          ^^^^^^^^^
  File "/mnt/d/skillloop/research/experiments/148_tau2_retail_autoskill/scripts/model_relay.py", line 66, in reserve
    save_state()
  File "/usr/lib/python3.12/socketserver.py", line 761, in __init__
    self.handle()
  File "/usr/lib/python3.12/http/server.py", line 436, in handle
    self.handle_one_request()
  File "/usr/lib/python3.12/http/server.py", line 424, in handle_one_request
    method()
  File "/mnt/d/skillloop/research/experiments/148_tau2_retail_autoskill/scripts/model_relay.py", line 73, in save_state
    tmp.write_text(json.dumps(_state, indent=2), encoding="utf-8")
  File "/usr/lib/python3.12/pathlib.py", line 1049, in write_text
    with self.open(mode='w', encoding=encoding, errors=errors, newline=newline) as f:
         ^^^^^^^^^^^^^^^^^^^^^^^^^^^^^^^^^^^^^^^^^^^^^^^^^^^^^^^^^^^^^^^^^^^^^^
  File "/mnt/d/skillloop/research/experiments/148_tau2_retail_autoskill/scripts/model_relay.py", line 66, in reserve
    save_state()
  File "/mnt/d/skillloop/research/experiments/148_tau2_retail_autoskill/scripts/model_relay.py", line 130, in do_POST
    seq = reserve()
          ^^^^^^^^^
  File "/mnt/d/skillloop/research/experiments/148_tau2_retail_autoskill/scripts/model_relay.py", line 73, in save_state
    tmp.write_text(json.dumps(_state, indent=2), encoding="utf-8")
  File "/usr/lib/python3.12/pathlib.py", line 1049, in write_text
    with self.open(mode='w', encoding=encoding, errors=errors, newline=newline) as f:
         ^^^^^^^^^^^^^^^^^^^^^^^^^^^^^^^^^^^^^^^^^^^^^^^^^^^^^^^^^^^^^^^^^^^^^^
  File "/mnt/d/skillloop/research/experiments/148_tau2_retail_autoskill/scripts/model_relay.py", line 66, in reserve
    save_state()
  File "/mnt/d/skillloop/research/experiments/148_tau2_retail_autoskill/scripts/model_relay.py", line 73, in save_state
    tmp.write_text(json.dumps(_state, indent=2), encoding="utf-8")
  File "/usr/lib/python3.12/pathlib.py", line 1015, in open
    return io.open(self, mode, buffering, encoding, errors, newline)
           ^^^^^^^^^^^^^^^^^^^^^^^^^^^^^^^^^^^^^^^^^^^^^^^^^^^^^^^^^
  File "/usr/lib/python3.12/pathlib.py", line 1049, in write_text
    with self.open(mode='w', encoding=encoding, errors=errors, newline=newline) as f:
         ^^^^^^^^^^^^^^^^^^^^^^^^^^^^^^^^^^^^^^^^^^^^^^^^^^^^^^^^^^^^^^^^^^^^^^
  File "/usr/lib/python3.12/pathlib.py", line 1015, in open
    return io.open(self, mode, buffering, encoding, errors, newline)
           ^^^^^^^^^^^^^^^^^^^^^^^^^^^^^^^^^^^^^^^^^^^^^^^^^^^^^^^^^
  File "/usr/lib/python3.12/pathlib.py", line 1015, in open
    return io.open(self, mode, buffering, encoding, errors, newline)
           ^^^^^^^^^^^^^^^^^^^^^^^^^^^^^^^^^^^^^^^^^^^^^^^^^^^^^^^^^
FileNotFoundError: [Errno 2] No such file or directory: '/mnt/d/skillloop/research/experiments/148_tau2_retail_autoskill/ledger/budget_state.json.tmp'
FileNotFoundError: [Errno 2] No such file or directory: '/mnt/d/skillloop/research/experiments/148_tau2_retail_autoskill/ledger/budget_state.json.tmp'
----------------------------------------
----------------------------------------
FileNotFoundError: [Errno 2] No such file or directory: '/mnt/d/skillloop/research/experiments/148_tau2_retail_autoskill/ledger/budget_state.json.tmp'
----------------------------------------
----------------------------------------
Exception occurred during processing of request from ('127.0.0.1', 47914)
Traceback (most recent call last):
  File "/usr/lib/python3.12/socketserver.py", line 692, in process_request_thread
    self.finish_request(request, client_address)
  File "/usr/lib/python3.12/socketserver.py", line 362, in finish_request
    self.RequestHandlerClass(request, client_address, self)
  File "/usr/lib/python3.12/socketserver.py", line 761, in __init__
    self.handle()
  File "/usr/lib/python3.12/http/server.py", line 436, in handle
    self.handle_one_request()
  File "/usr/lib/python3.12/http/server.py", line 424, in handle_one_request
    method()
  File "/mnt/d/skillloop/research/experiments/148_tau2_retail_autoskill/scripts/model_relay.py", line 130, in do_POST
    seq = reserve()
          ^^^^^^^^^
  File "/mnt/d/skillloop/research/experiments/148_tau2_retail_autoskill/scripts/model_relay.py", line 66, in reserve
    save_state()
  File "/mnt/d/skillloop/research/experiments/148_tau2_retail_autoskill/scripts/model_relay.py", line 74, in save_state
    tmp.replace(LEDGER / "budget_state.json")
  File "/usr/lib/python3.12/pathlib.py", line 1378, in replace
    os.replace(self, target)
FileNotFoundError: [Errno 2] No such file or directory: '/mnt/d/skillloop/research/experiments/148_tau2_retail_autoskill/ledger/budget_state.json.tmp' -> '/mnt/d/skillloop/research/experiments/148_tau2_retail_autoskill/ledger/budget_state.json'
----------------------------------------
----------------------------------------
Exception occurred during processing of request from ('127.0.0.1', 47898)
Traceback (most recent call last):
  File "/usr/lib/python3.12/socketserver.py", line 692, in process_request_thread
    self.finish_request(request, client_address)
  File "/usr/lib/python3.12/socketserver.py", line 362, in finish_request
    self.RequestHandlerClass(request, client_address, self)
  File "/usr/lib/python3.12/socketserver.py", line 761, in __init__
    self.handle()
  File "/usr/lib/python3.12/http/server.py", line 436, in handle
    self.handle_one_request()
  File "/usr/lib/python3.12/http/server.py", line 424, in handle_one_request
    method()
  File "/mnt/d/skillloop/research/experiments/148_tau2_retail_autoskill/scripts/model_relay.py", line 130, in do_POST
    seq = reserve()
          ^^^^^^^^^
  File "/mnt/d/skillloop/research/experiments/148_tau2_retail_autoskill/scripts/model_relay.py", line 66, in reserve
    save_state()
  File "/mnt/d/skillloop/research/experiments/148_tau2_retail_autoskill/scripts/model_relay.py", line 73, in save_state
    tmp.write_text(json.dumps(_state, indent=2), encoding="utf-8")
  File "/usr/lib/python3.12/pathlib.py", line 1049, in write_text
    with self.open(mode='w', encoding=encoding, errors=errors, newline=newline) as f:
         ^^^^^^^^^^^^^^^^^^^^^^^^^^^^^^^^^^^^^^^^^^^^^^^^^^^^^^^^^^^^^^^^^^^^^^
  File "/usr/lib/python3.12/pathlib.py", line 1015, in open
    return io.open(self, mode, buffering, encoding, errors, newline)
           ^^^^^^^^^^^^^^^^^^^^^^^^^^^^^^^^^^^^^^^^^^^^^^^^^^^^^^^^^
FileNotFoundError: [Errno 2] No such file or directory: '/mnt/d/skillloop/research/experiments/148_tau2_retail_autoskill/ledger/budget_state.json.tmp'
----------------------------------------
----------------------------------------
Exception occurred during processing of request from ('127.0.0.1', 46002)
Traceback (most recent call last):
  File "/usr/lib/python3.12/socketserver.py", line 692, in process_request_thread
    self.finish_request(request, client_address)
  File "/usr/lib/python3.12/socketserver.py", line 362, in finish_request
    self.RequestHandlerClass(request, client_address, self)
  File "/usr/lib/python3.12/socketserver.py", line 761, in __init__
    self.handle()
  File "/usr/lib/python3.12/http/server.py", line 436, in handle
    self.handle_one_request()
  File "/usr/lib/python3.12/http/server.py", line 424, in handle_one_request
    method()
  File "/mnt/d/skillloop/research/experiments/148_tau2_retail_autoskill/scripts/model_relay.py", line 130, in do_POST
    seq = reserve()
          ^^^^^^^^^
  File "/mnt/d/skillloop/research/experiments/148_tau2_retail_autoskill/scripts/model_relay.py", line 66, in reserve
    save_state()
  File "/mnt/d/skillloop/research/experiments/148_tau2_retail_autoskill/scripts/model_relay.py", line 74, in save_state
    tmp.replace(LEDGER / "budget_state.json")
  File "/usr/lib/python3.12/pathlib.py", line 1378, in replace
    os.replace(self, target)
FileNotFoundError: [Errno 2] No such file or directory: '/mnt/d/skillloop/research/experiments/148_tau2_retail_autoskill/ledger/budget_state.json.tmp' -> '/mnt/d/skillloop/research/experiments/148_tau2_retail_autoskill/ledger/budget_state.json'
----------------------------------------
----------------------------------------
Exception occurred during processing of request from ('127.0.0.1', 37002)
Traceback (most recent call last):
  File "/usr/lib/python3.12/socketserver.py", line 692, in process_request_thread
    self.finish_request(request, client_address)
  File "/usr/lib/python3.12/socketserver.py", line 362, in finish_request
    self.RequestHandlerClass(request, client_address, self)
  File "/usr/lib/python3.12/socketserver.py", line 761, in __init__
    self.handle()
  File "/usr/lib/python3.12/http/server.py", line 436, in handle
    self.handle_one_request()
  File "/usr/lib/python3.12/http/server.py", line 424, in handle_one_request
    method()
  File "/mnt/d/skillloop/research/experiments/148_tau2_retail_autoskill/scripts/model_relay.py", line 130, in do_POST
    seq = reserve()
          ^^^^^^^^^
  File "/mnt/d/skillloop/research/experiments/148_tau2_retail_autoskill/scripts/model_relay.py", line 66, in reserve
    save_state()
  File "/mnt/d/skillloop/research/experiments/148_tau2_retail_autoskill/scripts/model_relay.py", line 74, in save_state
    tmp.replace(LEDGER / "budget_state.json")
  File "/usr/lib/python3.12/pathlib.py", line 1378, in replace
    os.replace(self, target)
FileNotFoundError: [Errno 2] No such file or directory: '/mnt/d/skillloop/research/experiments/148_tau2_retail_autoskill/ledger/budget_state.json.tmp' -> '/mnt/d/skillloop/research/experiments/148_tau2_retail_autoskill/ledger/budget_state.json'
----------------------------------------
----------------------------------------
Exception occurred during processing of request from ('127.0.0.1', 36404)
----------------------------------------
----------------------------------------
Exception occurred during processing of request from ('127.0.0.1', 36312)
Exception occurred during processing of request from ('127.0.0.1', 36338)
----------------------------------------
Exception occurred during processing of request from ('127.0.0.1', 36396)
----------------------------------------
----------------------------------------
----------------------------------------
Exception occurred during processing of request from ('127.0.0.1', 36392)
Exception occurred during processing of request from ('127.0.0.1', 36350)
Exception occurred during processing of request from ('127.0.0.1', 36386)
----------------------------------------
Exception occurred during processing of request from ('127.0.0.1', 36328)
Traceback (most recent call last):
Traceback (most recent call last):
----------------------------------------
Exception occurred during processing of request from ('127.0.0.1', 36360)
Traceback (most recent call last):
Traceback (most recent call last):
  File "/usr/lib/python3.12/socketserver.py", line 692, in process_request_thread
    self.finish_request(request, client_address)
  File "/usr/lib/python3.12/socketserver.py", line 692, in process_request_thread
    self.finish_request(request, client_address)
Traceback (most recent call last):
Traceback (most recent call last):
Traceback (most recent call last):
Traceback (most recent call last):
Traceback (most recent call last):
  File "/usr/lib/python3.12/socketserver.py", line 692, in process_request_thread
    self.finish_request(request, client_address)
  File "/usr/lib/python3.12/socketserver.py", line 692, in process_request_thread
    self.finish_request(request, client_address)
  File "/usr/lib/python3.12/socketserver.py", line 692, in process_request_thread
    self.finish_request(request, client_address)
  File "/usr/lib/python3.12/socketserver.py", line 362, in finish_request
    self.RequestHandlerClass(request, client_address, self)
  File "/usr/lib/python3.12/socketserver.py", line 692, in process_request_thread
    self.finish_request(request, client_address)
  File "/usr/lib/python3.12/socketserver.py", line 362, in finish_request
    self.RequestHandlerClass(request, client_address, self)
  File "/usr/lib/python3.12/socketserver.py", line 761, in __init__
    self.handle()
  File "/usr/lib/python3.12/socketserver.py", line 362, in finish_request
    self.RequestHandlerClass(request, client_address, self)
  File "/usr/lib/python3.12/socketserver.py", line 692, in process_request_thread
    self.finish_request(request, client_address)
  File "/usr/lib/python3.12/socketserver.py", line 692, in process_request_thread
    self.finish_request(request, client_address)
  File "/usr/lib/python3.12/socketserver.py", line 362, in finish_request
    self.RequestHandlerClass(request, client_address, self)
  File "/usr/lib/python3.12/socketserver.py", line 362, in finish_request
    self.RequestHandlerClass(request, client_address, self)
  File "/usr/lib/python3.12/socketserver.py", line 761, in __init__
    self.handle()
  File "/usr/lib/python3.12/socketserver.py", line 692, in process_request_thread
    self.finish_request(request, client_address)
  File "/usr/lib/python3.12/socketserver.py", line 761, in __init__
    self.handle()
  File "/usr/lib/python3.12/http/server.py", line 436, in handle
    self.handle_one_request()
  File "/usr/lib/python3.12/socketserver.py", line 362, in finish_request
    self.RequestHandlerClass(request, client_address, self)
  File "/usr/lib/python3.12/socketserver.py", line 761, in __init__
    self.handle()
  File "/usr/lib/python3.12/http/server.py", line 436, in handle
    self.handle_one_request()
  File "/usr/lib/python3.12/socketserver.py", line 362, in finish_request
    self.RequestHandlerClass(request, client_address, self)
  File "/usr/lib/python3.12/socketserver.py", line 761, in __init__
    self.handle()
  File "/usr/lib/python3.12/socketserver.py", line 761, in __init__
    self.handle()
  File "/usr/lib/python3.12/http/server.py", line 436, in handle
    self.handle_one_request()
  File "/usr/lib/python3.12/http/server.py", line 424, in handle_one_request
    method()
  File "/mnt/d/skillloop/research/experiments/148_tau2_retail_autoskill/scripts/model_relay.py", line 130, in do_POST
    seq = reserve()
          ^^^^^^^^^
  File "/usr/lib/python3.12/http/server.py", line 424, in handle_one_request
    method()
  File "/usr/lib/python3.12/http/server.py", line 436, in handle
    self.handle_one_request()
  File "/usr/lib/python3.12/http/server.py", line 436, in handle
    self.handle_one_request()
  File "/usr/lib/python3.12/socketserver.py", line 362, in finish_request
    self.RequestHandlerClass(request, client_address, self)
  File "/usr/lib/python3.12/http/server.py", line 424, in handle_one_request
    method()
  File "/mnt/d/skillloop/research/experiments/148_tau2_retail_autoskill/scripts/model_relay.py", line 66, in reserve
    save_state()
  File "/usr/lib/python3.12/http/server.py", line 424, in handle_one_request
    method()
  File "/usr/lib/python3.12/socketserver.py", line 761, in __init__
    self.handle()
  File "/usr/lib/python3.12/socketserver.py", line 761, in __init__
    self.handle()
  File "/mnt/d/skillloop/research/experiments/148_tau2_retail_autoskill/scripts/model_relay.py", line 73, in save_state
    tmp.write_text(json.dumps(_state, indent=2), encoding="utf-8")
  File "/usr/lib/python3.12/pathlib.py", line 1049, in write_text
    with self.open(mode='w', encoding=encoding, errors=errors, newline=newline) as f:
         ^^^^^^^^^^^^^^^^^^^^^^^^^^^^^^^^^^^^^^^^^^^^^^^^^^^^^^^^^^^^^^^^^^^^^^
  File "/mnt/d/skillloop/research/experiments/148_tau2_retail_autoskill/scripts/model_relay.py", line 130, in do_POST
    seq = reserve()
          ^^^^^^^^^
  File "/usr/lib/python3.12/socketserver.py", line 362, in finish_request
    self.RequestHandlerClass(request, client_address, self)
  File "/mnt/d/skillloop/research/experiments/148_tau2_retail_autoskill/scripts/model_relay.py", line 130, in do_POST
    seq = reserve()
          ^^^^^^^^^
  File "/mnt/d/skillloop/research/experiments/148_tau2_retail_autoskill/scripts/model_relay.py", line 66, in reserve
    save_state()
  File "/mnt/d/skillloop/research/experiments/148_tau2_retail_autoskill/scripts/model_relay.py", line 130, in do_POST
    seq = reserve()
          ^^^^^^^^^
  File "/usr/lib/python3.12/http/server.py", line 436, in handle
    self.handle_one_request()
  File "/usr/lib/python3.12/http/server.py", line 436, in handle
    self.handle_one_request()
  File "/usr/lib/python3.12/http/server.py", line 424, in handle_one_request
    method()
  File "/mnt/d/skillloop/research/experiments/148_tau2_retail_autoskill/scripts/model_relay.py", line 130, in do_POST
    seq = reserve()
          ^^^^^^^^^
  File "/mnt/d/skillloop/research/experiments/148_tau2_retail_autoskill/scripts/model_relay.py", line 73, in save_state
    tmp.write_text(json.dumps(_state, indent=2), encoding="utf-8")
  File "/usr/lib/python3.12/pathlib.py", line 1049, in write_text
    with self.open(mode='w', encoding=encoding, errors=errors, newline=newline) as f:
         ^^^^^^^^^^^^^^^^^^^^^^^^^^^^^^^^^^^^^^^^^^^^^^^^^^^^^^^^^^^^^^^^^^^^^^
  File "/usr/lib/python3.12/socketserver.py", line 761, in __init__
    self.handle()
  File "/usr/lib/python3.12/pathlib.py", line 1015, in open
    return io.open(self, mode, buffering, encoding, errors, newline)
           ^^^^^^^^^^^^^^^^^^^^^^^^^^^^^^^^^^^^^^^^^^^^^^^^^^^^^^^^^
  File "/mnt/d/skillloop/research/experiments/148_tau2_retail_autoskill/scripts/model_relay.py", line 66, in reserve
    save_state()
  File "/usr/lib/python3.12/http/server.py", line 436, in handle
    self.handle_one_request()
  File "/usr/lib/python3.12/http/server.py", line 436, in handle
    self.handle_one_request()
  File "/usr/lib/python3.12/http/server.py", line 424, in handle_one_request
    method()
FileNotFoundError: [Errno 2] No such file or directory: '/mnt/d/skillloop/research/experiments/148_tau2_retail_autoskill/ledger/budget_state.json.tmp'
  File "/mnt/d/skillloop/research/experiments/148_tau2_retail_autoskill/scripts/model_relay.py", line 73, in save_state
    tmp.write_text(json.dumps(_state, indent=2), encoding="utf-8")
  File "/usr/lib/python3.12/http/server.py", line 424, in handle_one_request
    method()
  File "/usr/lib/python3.12/http/server.py", line 424, in handle_one_request
    method()
  File "/mnt/d/skillloop/research/experiments/148_tau2_retail_autoskill/scripts/model_relay.py", line 130, in do_POST
    seq = reserve()
          ^^^^^^^^^
  File "/usr/lib/python3.12/http/server.py", line 424, in handle_one_request
    method()
  File "/mnt/d/skillloop/research/experiments/148_tau2_retail_autoskill/scripts/model_relay.py", line 130, in do_POST
    seq = reserve()
          ^^^^^^^^^
  File "/mnt/d/skillloop/research/experiments/148_tau2_retail_autoskill/scripts/model_relay.py", line 66, in reserve
    save_state()
  File "/mnt/d/skillloop/research/experiments/148_tau2_retail_autoskill/scripts/model_relay.py", line 130, in do_POST
    seq = reserve()
          ^^^^^^^^^
  File "/mnt/d/skillloop/research/experiments/148_tau2_retail_autoskill/scripts/model_relay.py", line 66, in reserve
    save_state()
  File "/usr/lib/python3.12/pathlib.py", line 1015, in open
    return io.open(self, mode, buffering, encoding, errors, newline)
           ^^^^^^^^^^^^^^^^^^^^^^^^^^^^^^^^^^^^^^^^^^^^^^^^^^^^^^^^^
  File "/mnt/d/skillloop/research/experiments/148_tau2_retail_autoskill/scripts/model_relay.py", line 73, in save_state
    tmp.write_text(json.dumps(_state, indent=2), encoding="utf-8")
  File "/usr/lib/python3.12/pathlib.py", line 1049, in write_text
    with self.open(mode='w', encoding=encoding, errors=errors, newline=newline) as f:
         ^^^^^^^^^^^^^^^^^^^^^^^^^^^^^^^^^^^^^^^^^^^^^^^^^^^^^^^^^^^^^^^^^^^^^^
  File "/mnt/d/skillloop/research/experiments/148_tau2_retail_autoskill/scripts/model_relay.py", line 66, in reserve
    save_state()
  File "/mnt/d/skillloop/research/experiments/148_tau2_retail_autoskill/scripts/model_relay.py", line 73, in save_state
    tmp.write_text(json.dumps(_state, indent=2), encoding="utf-8")
FileNotFoundError: [Errno 2] No such file or directory: '/mnt/d/skillloop/research/experiments/148_tau2_retail_autoskill/ledger/budget_state.json.tmp'
----------------------------------------
  File "/usr/lib/python3.12/pathlib.py", line 1015, in open
    return io.open(self, mode, buffering, encoding, errors, newline)
           ^^^^^^^^^^^^^^^^^^^^^^^^^^^^^^^^^^^^^^^^^^^^^^^^^^^^^^^^^
  File "/mnt/d/skillloop/research/experiments/148_tau2_retail_autoskill/scripts/model_relay.py", line 66, in reserve
    save_state()
  File "/mnt/d/skillloop/research/experiments/148_tau2_retail_autoskill/scripts/model_relay.py", line 73, in save_state
    tmp.write_text(json.dumps(_state, indent=2), encoding="utf-8")
  File "/mnt/d/skillloop/research/experiments/148_tau2_retail_autoskill/scripts/model_relay.py", line 130, in do_POST
    seq = reserve()
          ^^^^^^^^^
  File "/mnt/d/skillloop/research/experiments/148_tau2_retail_autoskill/scripts/model_relay.py", line 66, in reserve
    save_state()
  File "/mnt/d/skillloop/research/experiments/148_tau2_retail_autoskill/scripts/model_relay.py", line 66, in reserve
    save_state()
  File "/usr/lib/python3.12/pathlib.py", line 1049, in write_text
    with self.open(mode='w', encoding=encoding, errors=errors, newline=newline) as f:
         ^^^^^^^^^^^^^^^^^^^^^^^^^^^^^^^^^^^^^^^^^^^^^^^^^^^^^^^^^^^^^^^^^^^^^^
  File "/usr/lib/python3.12/pathlib.py", line 1015, in open
    return io.open(self, mode, buffering, encoding, errors, newline)
           ^^^^^^^^^^^^^^^^^^^^^^^^^^^^^^^^^^^^^^^^^^^^^^^^^^^^^^^^^
  File "/usr/lib/python3.12/pathlib.py", line 1049, in write_text
    with self.open(mode='w', encoding=encoding, errors=errors, newline=newline) as f:
         ^^^^^^^^^^^^^^^^^^^^^^^^^^^^^^^^^^^^^^^^^^^^^^^^^^^^^^^^^^^^^^^^^^^^^^
  File "/usr/lib/python3.12/pathlib.py", line 1015, in open
    return io.open(self, mode, buffering, encoding, errors, newline)
           ^^^^^^^^^^^^^^^^^^^^^^^^^^^^^^^^^^^^^^^^^^^^^^^^^^^^^^^^^
  File "/usr/lib/python3.12/pathlib.py", line 1049, in write_text
    with self.open(mode='w', encoding=encoding, errors=errors, newline=newline) as f:
         ^^^^^^^^^^^^^^^^^^^^^^^^^^^^^^^^^^^^^^^^^^^^^^^^^^^^^^^^^^^^^^^^^^^^^^
----------------------------------------
  File "/mnt/d/skillloop/research/experiments/148_tau2_retail_autoskill/scripts/model_relay.py", line 73, in save_state
    tmp.write_text(json.dumps(_state, indent=2), encoding="utf-8")
FileNotFoundError: [Errno 2] No such file or directory: '/mnt/d/skillloop/research/experiments/148_tau2_retail_autoskill/ledger/budget_state.json.tmp'
  File "/mnt/d/skillloop/research/experiments/148_tau2_retail_autoskill/scripts/model_relay.py", line 73, in save_state
    tmp.write_text(json.dumps(_state, indent=2), encoding="utf-8")
  File "/usr/lib/python3.12/pathlib.py", line 1049, in write_text
    with self.open(mode='w', encoding=encoding, errors=errors, newline=newline) as f:
         ^^^^^^^^^^^^^^^^^^^^^^^^^^^^^^^^^^^^^^^^^^^^^^^^^^^^^^^^^^^^^^^^^^^^^^
  File "/usr/lib/python3.12/pathlib.py", line 1049, in write_text
    with self.open(mode='w', encoding=encoding, errors=errors, newline=newline) as f:
         ^^^^^^^^^^^^^^^^^^^^^^^^^^^^^^^^^^^^^^^^^^^^^^^^^^^^^^^^^^^^^^^^^^^^^^
  File "/usr/lib/python3.12/pathlib.py", line 1015, in open
    return io.open(self, mode, buffering, encoding, errors, newline)
           ^^^^^^^^^^^^^^^^^^^^^^^^^^^^^^^^^^^^^^^^^^^^^^^^^^^^^^^^^
FileNotFoundError: [Errno 2] No such file or directory: '/mnt/d/skillloop/research/experiments/148_tau2_retail_autoskill/ledger/budget_state.json.tmp'
----------------------------------------
  File "/mnt/d/skillloop/research/experiments/148_tau2_retail_autoskill/scripts/model_relay.py", line 73, in save_state
    tmp.write_text(json.dumps(_state, indent=2), encoding="utf-8")
----------------------------------------
  File "/usr/lib/python3.12/pathlib.py", line 1015, in open
    return io.open(self, mode, buffering, encoding, errors, newline)
           ^^^^^^^^^^^^^^^^^^^^^^^^^^^^^^^^^^^^^^^^^^^^^^^^^^^^^^^^^
  File "/usr/lib/python3.12/pathlib.py", line 1049, in write_text
    with self.open(mode='w', encoding=encoding, errors=errors, newline=newline) as f:
         ^^^^^^^^^^^^^^^^^^^^^^^^^^^^^^^^^^^^^^^^^^^^^^^^^^^^^^^^^^^^^^^^^^^^^^
  File "/usr/lib/python3.12/pathlib.py", line 1015, in open
    return io.open(self, mode, buffering, encoding, errors, newline)
           ^^^^^^^^^^^^^^^^^^^^^^^^^^^^^^^^^^^^^^^^^^^^^^^^^^^^^^^^^
  File "/usr/lib/python3.12/pathlib.py", line 1015, in open
    return io.open(self, mode, buffering, encoding, errors, newline)
           ^^^^^^^^^^^^^^^^^^^^^^^^^^^^^^^^^^^^^^^^^^^^^^^^^^^^^^^^^
FileNotFoundError: [Errno 2] No such file or directory: '/mnt/d/skillloop/research/experiments/148_tau2_retail_autoskill/ledger/budget_state.json.tmp'
FileNotFoundError: [Errno 2] No such file or directory: '/mnt/d/skillloop/research/experiments/148_tau2_retail_autoskill/ledger/budget_state.json.tmp'
FileNotFoundError: [Errno 2] No such file or directory: '/mnt/d/skillloop/research/experiments/148_tau2_retail_autoskill/ledger/budget_state.json.tmp'
----------------------------------------
----------------------------------------
FileNotFoundError: [Errno 2] No such file or directory: '/mnt/d/skillloop/research/experiments/148_tau2_retail_autoskill/ledger/budget_state.json.tmp'
----------------------------------------
----------------------------------------
FileNotFoundError: [Errno 2] No such file or directory: '/mnt/d/skillloop/research/experiments/148_tau2_retail_autoskill/ledger/budget_state.json.tmp'
----------------------------------------
----------------------------------------
Exception occurred during processing of request from ('127.0.0.1', 55866)
Traceback (most recent call last):
  File "/usr/lib/python3.12/socketserver.py", line 692, in process_request_thread
    self.finish_request(request, client_address)
----------------------------------------
Exception occurred during processing of request from ('127.0.0.1', 55882)
  File "/usr/lib/python3.12/socketserver.py", line 362, in finish_request
    self.RequestHandlerClass(request, client_address, self)
  File "/usr/lib/python3.12/socketserver.py", line 761, in __init__
    self.handle()
  File "/usr/lib/python3.12/http/server.py", line 436, in handle
    self.handle_one_request()
  File "/usr/lib/python3.12/http/server.py", line 424, in handle_one_request
    method()
  File "/mnt/d/skillloop/research/experiments/148_tau2_retail_autoskill/scripts/model_relay.py", line 130, in do_POST
    seq = reserve()
          ^^^^^^^^^
  File "/mnt/d/skillloop/research/experiments/148_tau2_retail_autoskill/scripts/model_relay.py", line 66, in reserve
    save_state()
  File "/mnt/d/skillloop/research/experiments/148_tau2_retail_autoskill/scripts/model_relay.py", line 74, in save_state
    tmp.replace(LEDGER / "budget_state.json")
  File "/usr/lib/python3.12/pathlib.py", line 1378, in replace
    os.replace(self, target)
Traceback (most recent call last):
FileNotFoundError: [Errno 2] No such file or directory: '/mnt/d/skillloop/research/experiments/148_tau2_retail_autoskill/ledger/budget_state.json.tmp' -> '/mnt/d/skillloop/research/experiments/148_tau2_retail_autoskill/ledger/budget_state.json'
----------------------------------------
  File "/usr/lib/python3.12/socketserver.py", line 692, in process_request_thread
    self.finish_request(request, client_address)
  File "/usr/lib/python3.12/socketserver.py", line 362, in finish_request
    self.RequestHandlerClass(request, client_address, self)
  File "/usr/lib/python3.12/socketserver.py", line 761, in __init__
    self.handle()
  File "/usr/lib/python3.12/http/server.py", line 436, in handle
    self.handle_one_request()
  File "/usr/lib/python3.12/http/server.py", line 424, in handle_one_request
    method()
  File "/mnt/d/skillloop/research/experiments/148_tau2_retail_autoskill/scripts/model_relay.py", line 130, in do_POST
    seq = reserve()
          ^^^^^^^^^
  File "/mnt/d/skillloop/research/experiments/148_tau2_retail_autoskill/scripts/model_relay.py", line 66, in reserve
    save_state()
  File "/mnt/d/skillloop/research/experiments/148_tau2_retail_autoskill/scripts/model_relay.py", line 73, in save_state
    tmp.write_text(json.dumps(_state, indent=2), encoding="utf-8")
  File "/usr/lib/python3.12/pathlib.py", line 1049, in write_text
    with self.open(mode='w', encoding=encoding, errors=errors, newline=newline) as f:
         ^^^^^^^^^^^^^^^^^^^^^^^^^^^^^^^^^^^^^^^^^^^^^^^^^^^^^^^^^^^^^^^^^^^^^^
  File "/usr/lib/python3.12/pathlib.py", line 1015, in open
    return io.open(self, mode, buffering, encoding, errors, newline)
           ^^^^^^^^^^^^^^^^^^^^^^^^^^^^^^^^^^^^^^^^^^^^^^^^^^^^^^^^^
FileNotFoundError: [Errno 2] No such file or directory: '/mnt/d/skillloop/research/experiments/148_tau2_retail_autoskill/ledger/budget_state.json.tmp'
----------------------------------------
----------------------------------------
Exception occurred during processing of request from ('127.0.0.1', 55926)
Traceback (most recent call last):
  File "/usr/lib/python3.12/socketserver.py", line 692, in process_request_thread
    self.finish_request(request, client_address)
  File "/usr/lib/python3.12/socketserver.py", line 362, in finish_request
    self.RequestHandlerClass(request, client_address, self)
  File "/usr/lib/python3.12/socketserver.py", line 761, in __init__
    self.handle()
  File "/usr/lib/python3.12/http/server.py", line 436, in handle
    self.handle_one_request()
  File "/usr/lib/python3.12/http/server.py", line 424, in handle_one_request
    method()
  File "/mnt/d/skillloop/research/experiments/148_tau2_retail_autoskill/scripts/model_relay.py", line 130, in do_POST
    seq = reserve()
          ^^^^^^^^^
  File "/mnt/d/skillloop/research/experiments/148_tau2_retail_autoskill/scripts/model_relay.py", line 66, in reserve
    save_state()
  File "/mnt/d/skillloop/research/experiments/148_tau2_retail_autoskill/scripts/model_relay.py", line 74, in save_state
    tmp.replace(LEDGER / "budget_state.json")
  File "/usr/lib/python3.12/pathlib.py", line 1378, in replace
    os.replace(self, target)
FileNotFoundError: [Errno 2] No such file or directory: '/mnt/d/skillloop/research/experiments/148_tau2_retail_autoskill/ledger/budget_state.json.tmp' -> '/mnt/d/skillloop/research/experiments/148_tau2_retail_autoskill/ledger/budget_state.json'
----------------------------------------
----------------------------------------
Exception occurred during processing of request from ('127.0.0.1', 55938)
Traceback (most recent call last):
  File "/usr/lib/python3.12/socketserver.py", line 692, in process_request_thread
    self.finish_request(request, client_address)
  File "/usr/lib/python3.12/socketserver.py", line 362, in finish_request
    self.RequestHandlerClass(request, client_address, self)
  File "/usr/lib/python3.12/socketserver.py", line 761, in __init__
    self.handle()
  File "/usr/lib/python3.12/http/server.py", line 436, in handle
    self.handle_one_request()
  File "/usr/lib/python3.12/http/server.py", line 424, in handle_one_request
    method()
  File "/mnt/d/skillloop/research/experiments/148_tau2_retail_autoskill/scripts/model_relay.py", line 130, in do_POST
    seq = reserve()
          ^^^^^^^^^
  File "/mnt/d/skillloop/research/experiments/148_tau2_retail_autoskill/scripts/model_relay.py", line 66, in reserve
    save_state()
  File "/mnt/d/skillloop/research/experiments/148_tau2_retail_autoskill/scripts/model_relay.py", line 73, in save_state
    tmp.write_text(json.dumps(_state, indent=2), encoding="utf-8")
  File "/usr/lib/python3.12/pathlib.py", line 1049, in write_text
    with self.open(mode='w', encoding=encoding, errors=errors, newline=newline) as f:
         ^^^^^^^^^^^^^^^^^^^^^^^^^^^^^^^^^^^^^^^^^^^^^^^^^^^^^^^^^^^^^^^^^^^^^^
  File "/usr/lib/python3.12/pathlib.py", line 1015, in open
    return io.open(self, mode, buffering, encoding, errors, newline)
           ^^^^^^^^^^^^^^^^^^^^^^^^^^^^^^^^^^^^^^^^^^^^^^^^^^^^^^^^^
FileNotFoundError: [Errno 2] No such file or directory: '/mnt/d/skillloop/research/experiments/148_tau2_retail_autoskill/ledger/budget_state.json.tmp'
----------------------------------------
----------------------------------------
Exception occurred during processing of request from ('127.0.0.1', 55956)
Traceback (most recent call last):
  File "/usr/lib/python3.12/socketserver.py", line 692, in process_request_thread
    self.finish_request(request, client_address)
  File "/usr/lib/python3.12/socketserver.py", line 362, in finish_request
    self.RequestHandlerClass(request, client_address, self)
  File "/usr/lib/python3.12/socketserver.py", line 761, in __init__
    self.handle()
  File "/usr/lib/python3.12/http/server.py", line 436, in handle
    self.handle_one_request()
  File "/usr/lib/python3.12/http/server.py", line 424, in handle_one_request
    method()
  File "/mnt/d/skillloop/research/experiments/148_tau2_retail_autoskill/scripts/model_relay.py", line 130, in do_POST
    seq = reserve()
          ^^^^^^^^^
  File "/mnt/d/skillloop/research/experiments/148_tau2_retail_autoskill/scripts/model_relay.py", line 66, in reserve
    save_state()
  File "/mnt/d/skillloop/research/experiments/148_tau2_retail_autoskill/scripts/model_relay.py", line 73, in save_state
    tmp.write_text(json.dumps(_state, indent=2), encoding="utf-8")
  File "/usr/lib/python3.12/pathlib.py", line 1049, in write_text
    with self.open(mode='w', encoding=encoding, errors=errors, newline=newline) as f:
         ^^^^^^^^^^^^^^^^^^^^^^^^^^^^^^^^^^^^^^^^^^^^^^^^^^^^^^^^^^^^^^^^^^^^^^
  File "/usr/lib/python3.12/pathlib.py", line 1015, in open
    return io.open(self, mode, buffering, encoding, errors, newline)
           ^^^^^^^^^^^^^^^^^^^^^^^^^^^^^^^^^^^^^^^^^^^^^^^^^^^^^^^^^
FileNotFoundError: [Errno 2] No such file or directory: '/mnt/d/skillloop/research/experiments/148_tau2_retail_autoskill/ledger/budget_state.json.tmp'
----------------------------------------
----------------------------------------
Exception occurred during processing of request from ('127.0.0.1', 33158)
Traceback (most recent call last):
  File "/usr/lib/python3.12/socketserver.py", line 692, in process_request_thread
    self.finish_request(request, client_address)
  File "/usr/lib/python3.12/socketserver.py", line 362, in finish_request
    self.RequestHandlerClass(request, client_address, self)
  File "/usr/lib/python3.12/socketserver.py", line 761, in __init__
    self.handle()
  File "/usr/lib/python3.12/http/server.py", line 436, in handle
    self.handle_one_request()
  File "/usr/lib/python3.12/http/server.py", line 424, in handle_one_request
    method()
  File "/mnt/d/skillloop/research/experiments/148_tau2_retail_autoskill/scripts/model_relay.py", line 130, in do_POST
    seq = reserve()
          ^^^^^^^^^
  File "/mnt/d/skillloop/research/experiments/148_tau2_retail_autoskill/scripts/model_relay.py", line 66, in reserve
    save_state()
  File "/mnt/d/skillloop/research/experiments/148_tau2_retail_autoskill/scripts/model_relay.py", line 74, in save_state
    tmp.replace(LEDGER / "budget_state.json")
  File "/usr/lib/python3.12/pathlib.py", line 1378, in replace
    os.replace(self, target)
FileNotFoundError: [Errno 2] No such file or directory: '/mnt/d/skillloop/research/experiments/148_tau2_retail_autoskill/ledger/budget_state.json.tmp' -> '/mnt/d/skillloop/research/experiments/148_tau2_retail_autoskill/ledger/budget_state.json'
----------------------------------------
----------------------------------------
Exception occurred during processing of request from ('127.0.0.1', 48018)
Traceback (most recent call last):
  File "/usr/lib/python3.12/socketserver.py", line 692, in process_request_thread
    self.finish_request(request, client_address)
  File "/usr/lib/python3.12/socketserver.py", line 362, in finish_request
    self.RequestHandlerClass(request, client_address, self)
  File "/usr/lib/python3.12/socketserver.py", line 761, in __init__
    self.handle()
  File "/usr/lib/python3.12/http/server.py", line 436, in handle
    self.handle_one_request()
  File "/usr/lib/python3.12/http/server.py", line 424, in handle_one_request
    method()
  File "/mnt/d/skillloop/research/experiments/148_tau2_retail_autoskill/scripts/model_relay.py", line 130, in do_POST
    seq = reserve()
          ^^^^^^^^^
  File "/mnt/d/skillloop/research/experiments/148_tau2_retail_autoskill/scripts/model_relay.py", line 66, in reserve
    save_state()
  File "/mnt/d/skillloop/research/experiments/148_tau2_retail_autoskill/scripts/model_relay.py", line 74, in save_state
    tmp.replace(LEDGER / "budget_state.json")
  File "/usr/lib/python3.12/pathlib.py", line 1378, in replace
    os.replace(self, target)
FileNotFoundError: [Errno 2] No such file or directory: '/mnt/d/skillloop/research/experiments/148_tau2_retail_autoskill/ledger/budget_state.json.tmp' -> '/mnt/d/skillloop/research/experiments/148_tau2_retail_autoskill/ledger/budget_state.json'
----------------------------------------
----------------------------------------
Exception occurred during processing of request from ('127.0.0.1', 45850)
Traceback (most recent call last):
  File "/usr/lib/python3.12/socketserver.py", line 692, in process_request_thread
    self.finish_request(request, client_address)
  File "/usr/lib/python3.12/socketserver.py", line 362, in finish_request
    self.RequestHandlerClass(request, client_address, self)
  File "/usr/lib/python3.12/socketserver.py", line 761, in __init__
    self.handle()
  File "/usr/lib/python3.12/http/server.py", line 436, in handle
    self.handle_one_request()
  File "/usr/lib/python3.12/http/server.py", line 424, in handle_one_request
    method()
  File "/mnt/d/skillloop/research/experiments/148_tau2_retail_autoskill/scripts/model_relay.py", line 130, in do_POST
    seq = reserve()
          ^^^^^^^^^
  File "/mnt/d/skillloop/research/experiments/148_tau2_retail_autoskill/scripts/model_relay.py", line 66, in reserve
    save_state()
  File "/mnt/d/skillloop/research/experiments/148_tau2_retail_autoskill/scripts/model_relay.py", line 74, in save_state
    tmp.replace(LEDGER / "budget_state.json")
  File "/usr/lib/python3.12/pathlib.py", line 1378, in replace
    os.replace(self, target)
FileNotFoundError: [Errno 2] No such file or directory: '/mnt/d/skillloop/research/experiments/148_tau2_retail_autoskill/ledger/budget_state.json.tmp' -> '/mnt/d/skillloop/research/experiments/148_tau2_retail_autoskill/ledger/budget_state.json'
----------------------------------------
----------------------------------------
Exception occurred during processing of request from ('127.0.0.1', 34146)
Traceback (most recent call last):
  File "/usr/lib/python3.12/socketserver.py", line 692, in process_request_thread
    self.finish_request(request, client_address)
  File "/usr/lib/python3.12/socketserver.py", line 362, in finish_request
    self.RequestHandlerClass(request, client_address, self)
  File "/usr/lib/python3.12/socketserver.py", line 761, in __init__
    self.handle()
  File "/usr/lib/python3.12/http/server.py", line 436, in handle
    self.handle_one_request()
  File "/usr/lib/python3.12/http/server.py", line 424, in handle_one_request
    method()
  File "/mnt/d/skillloop/research/experiments/148_tau2_retail_autoskill/scripts/model_relay.py", line 130, in do_POST
    seq = reserve()
          ^^^^^^^^^
  File "/mnt/d/skillloop/research/experiments/148_tau2_retail_autoskill/scripts/model_relay.py", line 66, in reserve
    save_state()
  File "/mnt/d/skillloop/research/experiments/148_tau2_retail_autoskill/scripts/model_relay.py", line 74, in save_state
    tmp.replace(LEDGER / "budget_state.json")
  File "/usr/lib/python3.12/pathlib.py", line 1378, in replace
    os.replace(self, target)
FileNotFoundError: [Errno 2] No such file or directory: '/mnt/d/skillloop/research/experiments/148_tau2_retail_autoskill/ledger/budget_state.json.tmp' -> '/mnt/d/skillloop/research/experiments/148_tau2_retail_autoskill/ledger/budget_state.json'
----------------------------------------
----------------------------------------
Exception occurred during processing of request from ('127.0.0.1', 57144)
Traceback (most recent call last):
  File "/usr/lib/python3.12/socketserver.py", line 692, in process_request_thread
    self.finish_request(request, client_address)
  File "/usr/lib/python3.12/socketserver.py", line 362, in finish_request
    self.RequestHandlerClass(request, client_address, self)
  File "/usr/lib/python3.12/socketserver.py", line 761, in __init__
    self.handle()
  File "/usr/lib/python3.12/http/server.py", line 436, in handle
    self.handle_one_request()
  File "/usr/lib/python3.12/http/server.py", line 424, in handle_one_request
    method()
  File "/mnt/d/skillloop/research/experiments/148_tau2_retail_autoskill/scripts/model_relay.py", line 130, in do_POST
    seq = reserve()
          ^^^^^^^^^
  File "/mnt/d/skillloop/research/experiments/148_tau2_retail_autoskill/scripts/model_relay.py", line 66, in reserve
    save_state()
  File "/mnt/d/skillloop/research/experiments/148_tau2_retail_autoskill/scripts/model_relay.py", line 73, in save_state
    tmp.write_text(json.dumps(_state, indent=2), encoding="utf-8")
  File "/usr/lib/python3.12/pathlib.py", line 1049, in write_text
    with self.open(mode='w', encoding=encoding, errors=errors, newline=newline) as f:
         ^^^^^^^^^^^^^^^^^^^^^^^^^^^^^^^^^^^^^^^^^^^^^^^^^^^^^^^^^^^^^^^^^^^^^^
  File "/usr/lib/python3.12/pathlib.py", line 1015, in open
    return io.open(self, mode, buffering, encoding, errors, newline)
           ^^^^^^^^^^^^^^^^^^^^^^^^^^^^^^^^^^^^^^^^^^^^^^^^^^^^^^^^^
FileNotFoundError: [Errno 2] No such file or directory: '/mnt/d/skillloop/research/experiments/148_tau2_retail_autoskill/ledger/budget_state.json.tmp'
----------------------------------------
----------------------------------------
Exception occurred during processing of request from ('127.0.0.1', 55520)
Traceback (most recent call last):
  File "/usr/lib/python3.12/socketserver.py", line 692, in process_request_thread
    self.finish_request(request, client_address)
  File "/usr/lib/python3.12/socketserver.py", line 362, in finish_request
    self.RequestHandlerClass(request, client_address, self)
  File "/usr/lib/python3.12/socketserver.py", line 761, in __init__
    self.handle()
  File "/usr/lib/python3.12/http/server.py", line 436, in handle
    self.handle_one_request()
  File "/usr/lib/python3.12/http/server.py", line 424, in handle_one_request
    method()
  File "/mnt/d/skillloop/research/experiments/148_tau2_retail_autoskill/scripts/model_relay.py", line 130, in do_POST
    seq = reserve()
          ^^^^^^^^^
  File "/mnt/d/skillloop/research/experiments/148_tau2_retail_autoskill/scripts/model_relay.py", line 66, in reserve
    save_state()
  File "/mnt/d/skillloop/research/experiments/148_tau2_retail_autoskill/scripts/model_relay.py", line 73, in save_state
    tmp.write_text(json.dumps(_state, indent=2), encoding="utf-8")
  File "/usr/lib/python3.12/pathlib.py", line 1049, in write_text
    with self.open(mode='w', encoding=encoding, errors=errors, newline=newline) as f:
         ^^^^^^^^^^^^^^^^^^^^^^^^^^^^^^^^^^^^^^^^^^^^^^^^^^^^^^^^^^^^^^^^^^^^^^
  File "/usr/lib/python3.12/pathlib.py", line 1015, in open
    return io.open(self, mode, buffering, encoding, errors, newline)
           ^^^^^^^^^^^^^^^^^^^^^^^^^^^^^^^^^^^^^^^^^^^^^^^^^^^^^^^^^
FileNotFoundError: [Errno 2] No such file or directory: '/mnt/d/skillloop/research/experiments/148_tau2_retail_autoskill/ledger/budget_state.json.tmp'
----------------------------------------
----------------------------------------
Exception occurred during processing of request from ('127.0.0.1', 44582)
Traceback (most recent call last):
  File "/usr/lib/python3.12/socketserver.py", line 692, in process_request_thread
    self.finish_request(request, client_address)
  File "/usr/lib/python3.12/socketserver.py", line 362, in finish_request
    self.RequestHandlerClass(request, client_address, self)
  File "/usr/lib/python3.12/socketserver.py", line 761, in __init__
    self.handle()
  File "/usr/lib/python3.12/http/server.py", line 436, in handle
    self.handle_one_request()
  File "/usr/lib/python3.12/http/server.py", line 424, in handle_one_request
    method()
  File "/mnt/d/skillloop/research/experiments/148_tau2_retail_autoskill/scripts/model_relay.py", line 130, in do_POST
    seq = reserve()
          ^^^^^^^^^
  File "/mnt/d/skillloop/research/experiments/148_tau2_retail_autoskill/scripts/model_relay.py", line 66, in reserve
    save_state()
  File "/mnt/d/skillloop/research/experiments/148_tau2_retail_autoskill/scripts/model_relay.py", line 74, in save_state
    tmp.replace(LEDGER / "budget_state.json")
  File "/usr/lib/python3.12/pathlib.py", line 1378, in replace
    os.replace(self, target)
FileNotFoundError: [Errno 2] No such file or directory: '/mnt/d/skillloop/research/experiments/148_tau2_retail_autoskill/ledger/budget_state.json.tmp' -> '/mnt/d/skillloop/research/experiments/148_tau2_retail_autoskill/ledger/budget_state.json'
----------------------------------------
----------------------------------------
Exception occurred during processing of request from ('127.0.0.1', 36198)
Traceback (most recent call last):
  File "/usr/lib/python3.12/socketserver.py", line 692, in process_request_thread
    self.finish_request(request, client_address)
  File "/usr/lib/python3.12/socketserver.py", line 362, in finish_request
    self.RequestHandlerClass(request, client_address, self)
  File "/usr/lib/python3.12/socketserver.py", line 761, in __init__
    self.handle()
  File "/usr/lib/python3.12/http/server.py", line 436, in handle
    self.handle_one_request()
  File "/usr/lib/python3.12/http/server.py", line 424, in handle_one_request
    method()
  File "/mnt/d/skillloop/research/experiments/148_tau2_retail_autoskill/scripts/model_relay.py", line 130, in do_POST
    seq = reserve()
          ^^^^^^^^^
  File "/mnt/d/skillloop/research/experiments/148_tau2_retail_autoskill/scripts/model_relay.py", line 66, in reserve
    save_state()
  File "/mnt/d/skillloop/research/experiments/148_tau2_retail_autoskill/scripts/model_relay.py", line 74, in save_state
    tmp.replace(LEDGER / "budget_state.json")
  File "/usr/lib/python3.12/pathlib.py", line 1378, in replace
    os.replace(self, target)
FileNotFoundError: [Errno 2] No such file or directory: '/mnt/d/skillloop/research/experiments/148_tau2_retail_autoskill/ledger/budget_state.json.tmp' -> '/mnt/d/skillloop/research/experiments/148_tau2_retail_autoskill/ledger/budget_state.json'
----------------------------------------
----------------------------------------
Exception occurred during processing of request from ('127.0.0.1', 47858)
Traceback (most recent call last):
  File "/usr/lib/python3.12/socketserver.py", line 692, in process_request_thread
    self.finish_request(request, client_address)
  File "/usr/lib/python3.12/socketserver.py", line 362, in finish_request
    self.RequestHandlerClass(request, client_address, self)
  File "/usr/lib/python3.12/socketserver.py", line 761, in __init__
    self.handle()
  File "/usr/lib/python3.12/http/server.py", line 436, in handle
    self.handle_one_request()
  File "/usr/lib/python3.12/http/server.py", line 424, in handle_one_request
    method()
  File "/mnt/d/skillloop/research/experiments/148_tau2_retail_autoskill/scripts/model_relay.py", line 130, in do_POST
    seq = reserve()
          ^^^^^^^^^
  File "/mnt/d/skillloop/research/experiments/148_tau2_retail_autoskill/scripts/model_relay.py", line 66, in reserve
    save_state()
  File "/mnt/d/skillloop/research/experiments/148_tau2_retail_autoskill/scripts/model_relay.py", line 74, in save_state
    tmp.replace(LEDGER / "budget_state.json")
  File "/usr/lib/python3.12/pathlib.py", line 1378, in replace
    os.replace(self, target)
FileNotFoundError: [Errno 2] No such file or directory: '/mnt/d/skillloop/research/experiments/148_tau2_retail_autoskill/ledger/budget_state.json.tmp' -> '/mnt/d/skillloop/research/experiments/148_tau2_retail_autoskill/ledger/budget_state.json'
----------------------------------------
----------------------------------------
Exception occurred during processing of request from ('127.0.0.1', 38550)
Traceback (most recent call last):
  File "/usr/lib/python3.12/socketserver.py", line 692, in process_request_thread
    self.finish_request(request, client_address)
  File "/usr/lib/python3.12/socketserver.py", line 362, in finish_request
    self.RequestHandlerClass(request, client_address, self)
  File "/usr/lib/python3.12/socketserver.py", line 761, in __init__
    self.handle()
  File "/usr/lib/python3.12/http/server.py", line 436, in handle
    self.handle_one_request()
  File "/usr/lib/python3.12/http/server.py", line 424, in handle_one_request
    method()
  File "/mnt/d/skillloop/research/experiments/148_tau2_retail_autoskill/scripts/model_relay.py", line 130, in do_POST
    seq = reserve()
          ^^^^^^^^^
  File "/mnt/d/skillloop/research/experiments/148_tau2_retail_autoskill/scripts/model_relay.py", line 66, in reserve
    save_state()
  File "/mnt/d/skillloop/research/experiments/148_tau2_retail_autoskill/scripts/model_relay.py", line 74, in save_state
    tmp.replace(LEDGER / "budget_state.json")
  File "/usr/lib/python3.12/pathlib.py", line 1378, in replace
    os.replace(self, target)
FileNotFoundError: [Errno 2] No such file or directory: '/mnt/d/skillloop/research/experiments/148_tau2_retail_autoskill/ledger/budget_state.json.tmp' -> '/mnt/d/skillloop/research/experiments/148_tau2_retail_autoskill/ledger/budget_state.json'
----------------------------------------
----------------------------------------
Exception occurred during processing of request from ('127.0.0.1', 38656)
Traceback (most recent call last):
  File "/usr/lib/python3.12/socketserver.py", line 692, in process_request_thread
    self.finish_request(request, client_address)
  File "/usr/lib/python3.12/socketserver.py", line 362, in finish_request
    self.RequestHandlerClass(request, client_address, self)
  File "/usr/lib/python3.12/socketserver.py", line 761, in __init__
    self.handle()
  File "/usr/lib/python3.12/http/server.py", line 436, in handle
    self.handle_one_request()
  File "/usr/lib/python3.12/http/server.py", line 424, in handle_one_request
    method()
  File "/mnt/d/skillloop/research/experiments/148_tau2_retail_autoskill/scripts/model_relay.py", line 130, in do_POST
    seq = reserve()
          ^^^^^^^^^
  File "/mnt/d/skillloop/research/experiments/148_tau2_retail_autoskill/scripts/model_relay.py", line 66, in reserve
    save_state()
  File "/mnt/d/skillloop/research/experiments/148_tau2_retail_autoskill/scripts/model_relay.py", line 74, in save_state
    tmp.replace(LEDGER / "budget_state.json")
  File "/usr/lib/python3.12/pathlib.py", line 1378, in replace
    os.replace(self, target)
FileNotFoundError: [Errno 2] No such file or directory: '/mnt/d/skillloop/research/experiments/148_tau2_retail_autoskill/ledger/budget_state.json.tmp' -> '/mnt/d/skillloop/research/experiments/148_tau2_retail_autoskill/ledger/budget_state.json'
----------------------------------------
----------------------------------------
Exception occurred during processing of request from ('127.0.0.1', 38770)
Traceback (most recent call last):
  File "/usr/lib/python3.12/socketserver.py", line 692, in process_request_thread
    self.finish_request(request, client_address)
  File "/usr/lib/python3.12/socketserver.py", line 362, in finish_request
    self.RequestHandlerClass(request, client_address, self)
  File "/usr/lib/python3.12/socketserver.py", line 761, in __init__
    self.handle()
  File "/usr/lib/python3.12/http/server.py", line 436, in handle
    self.handle_one_request()
  File "/usr/lib/python3.12/http/server.py", line 424, in handle_one_request
    method()
  File "/mnt/d/skillloop/research/experiments/148_tau2_retail_autoskill/scripts/model_relay.py", line 130, in do_POST
    seq = reserve()
          ^^^^^^^^^
  File "/mnt/d/skillloop/research/experiments/148_tau2_retail_autoskill/scripts/model_relay.py", line 66, in reserve
    save_state()
  File "/mnt/d/skillloop/research/experiments/148_tau2_retail_autoskill/scripts/model_relay.py", line 73, in save_state
    tmp.write_text(json.dumps(_state, indent=2), encoding="utf-8")
  File "/usr/lib/python3.12/pathlib.py", line 1049, in write_text
    with self.open(mode='w', encoding=encoding, errors=errors, newline=newline) as f:
         ^^^^^^^^^^^^^^^^^^^^^^^^^^^^^^^^^^^^^^^^^^^^^^^^^^^^^^^^^^^^^^^^^^^^^^
  File "/usr/lib/python3.12/pathlib.py", line 1015, in open
    return io.open(self, mode, buffering, encoding, errors, newline)
           ^^^^^^^^^^^^^^^^^^^^^^^^^^^^^^^^^^^^^^^^^^^^^^^^^^^^^^^^^
FileNotFoundError: [Errno 2] No such file or directory: '/mnt/d/skillloop/research/experiments/148_tau2_retail_autoskill/ledger/budget_state.json.tmp'
----------------------------------------
----------------------------------------
Exception occurred during processing of request from ('127.0.0.1', 49404)
Traceback (most recent call last):
  File "/usr/lib/python3.12/socketserver.py", line 692, in process_request_thread
    self.finish_request(request, client_address)
  File "/usr/lib/python3.12/socketserver.py", line 362, in finish_request
    self.RequestHandlerClass(request, client_address, self)
  File "/usr/lib/python3.12/socketserver.py", line 761, in __init__
    self.handle()
  File "/usr/lib/python3.12/http/server.py", line 436, in handle
    self.handle_one_request()
  File "/usr/lib/python3.12/http/server.py", line 424, in handle_one_request
    method()
  File "/mnt/d/skillloop/research/experiments/148_tau2_retail_autoskill/scripts/model_relay.py", line 130, in do_POST
    seq = reserve()
          ^^^^^^^^^
  File "/mnt/d/skillloop/research/experiments/148_tau2_retail_autoskill/scripts/model_relay.py", line 66, in reserve
    save_state()
  File "/mnt/d/skillloop/research/experiments/148_tau2_retail_autoskill/scripts/model_relay.py", line 74, in save_state
    tmp.replace(LEDGER / "budget_state.json")
  File "/usr/lib/python3.12/pathlib.py", line 1378, in replace
    os.replace(self, target)
FileNotFoundError: [Errno 2] No such file or directory: '/mnt/d/skillloop/research/experiments/148_tau2_retail_autoskill/ledger/budget_state.json.tmp' -> '/mnt/d/skillloop/research/experiments/148_tau2_retail_autoskill/ledger/budget_state.json'
----------------------------------------
----------------------------------------
Exception occurred during processing of request from ('127.0.0.1', 39128)
Traceback (most recent call last):
  File "/usr/lib/python3.12/socketserver.py", line 692, in process_request_thread
    self.finish_request(request, client_address)
  File "/usr/lib/python3.12/socketserver.py", line 362, in finish_request
    self.RequestHandlerClass(request, client_address, self)
  File "/usr/lib/python3.12/socketserver.py", line 761, in __init__
    self.handle()
  File "/usr/lib/python3.12/http/server.py", line 436, in handle
    self.handle_one_request()
  File "/usr/lib/python3.12/http/server.py", line 424, in handle_one_request
    method()
  File "/mnt/d/skillloop/research/experiments/148_tau2_retail_autoskill/scripts/model_relay.py", line 194, in do_POST
  File "/mnt/d/skillloop/research/experiments/148_tau2_retail_autoskill/scripts/model_relay.py", line 80, in record
    with (LEDGER / "requests.jsonl").open("a", encoding="utf-8") as handle:
         ^^^^^^^^^^^^^^^^^^^^^^^^^^^^^^^^^^^^^^^^^^^^^^^^^^^^^^^
  File "/usr/lib/python3.12/pathlib.py", line 1015, in open
    return io.open(self, mode, buffering, encoding, errors, newline)
           ^^^^^^^^^^^^^^^^^^^^^^^^^^^^^^^^^^^^^^^^^^^^^^^^^^^^^^^^^
OSError: [Errno 12] Cannot allocate memory: '/mnt/d/skillloop/research/experiments/148_tau2_retail_autoskill/ledger/requests.jsonl'
----------------------------------------
