2026-10-04 17:48:35 supervisor started (target=4)
2026-10-04 17:50:35 loop alive, completed 0/4
2026-10-04 17:52:36 loop alive, completed 0/4
2026-10-04 17:54:36 loop alive, completed 0/4
2026-10-04 17:56:36 loop alive, completed 0/4
2026-10-04 17:58:37 loop alive, completed 0/4
2026-10-04 18:00:37 loop alive, completed 0/4
2026-10-04 18:02:37 loop alive, completed 0/4
2026-10-04 18:04:38 loop alive, completed 0/4
2026-10-04 18:06:38 loop alive, completed 0/4
2026-10-04 18:08:38 loop missing (completed 0/4) - relaunching
2026-10-04 18:10:40 loop missing (completed 0/4) - relaunching
2026-10-04 18:12:43 loop missing (completed 0/4) - relaunching
2026-10-04 18:14:45 loop missing (completed 0/4) - relaunching
2026-10-04 18:16:47 loop missing (completed 0/4) - relaunching
2026-10-04 18:18:50 loop missing (completed 0/4) - relaunching
2026-10-04 18:20:52 loop missing (completed 0/4) - relaunching
2026-10-04 18:22:54 loop missing (completed 0/4) - relaunching
2026-10-04 18:24:57 loop missing (completed 0/4) - relaunching
2026-10-04 18:26:59 loop missing (completed 0/4) - relaunching
2026-10-04 18:29:02 loop missing (completed 0/4) - relaunching
2026-10-04 18:31:00 supervisor restarted for collect phase (target=70)
2026-10-04 18:31:04 loop missing (completed 0/4) - relaunching
2026-10-04 18:33:01 loop missing (completed 0/70) - relaunching
2026-10-04 18:35:07 loop missing (completed 0/70) - relaunching
2026-10-04 18:37:13 loop missing (completed 0/70) - relaunching
2026-10-04 18:39:21 loop missing (completed 0/70) - relaunching
2026-10-04 18:41:27 loop missing (completed 0/70) - relaunching
2026-10-04 18:43:33 loop missing (completed 0/70) - relaunching
2026-10-04 18:45:44 loop missing (completed 0/70) - relaunching
2026-10-04 18:47:54 loop missing (completed 0/70) - relaunching
2026-10-04 18:49:56 loop missing (completed 0/70) - relaunching
2026-10-04 18:52:08 loop missing (completed 0/70) - relaunching
2026-10-04 18:54:16 loop missing (completed 0/70) - relaunching
2026-10-04 18:56:27 loop missing (completed 0/70) - relaunching
2026-10-04 18:58:38 loop missing (completed 0/70) - relaunching
2026-10-04 19:00:44 loop missing (completed 0/70) - relaunching
2026-10-04 19:02:56 loop missing (completed 0/70) - relaunching
2026-10-04 19:05:04 loop missing (completed 0/70) - relaunching
2026-10-04 19:07:13 loop missing (completed 0/70) - relaunching
2026-10-04 19:09:24 loop missing (completed 0/70) - relaunching
2026-10-04 19:11:33 loop missing (completed 0/70) - relaunching
2026-10-04 19:13:35 loop missing (completed 0/70) - relaunching
2026-10-04 19:15:45 loop missing (completed 0/70) - relaunching
2026-10-04 19:17:52 loop missing (completed 0/70) - relaunching
2026-10-04 19:20:02 loop missing (completed 0/70) - relaunching
2026-10-04 19:22:13 loop missing (completed 0/70) - relaunching
2026-10-04 19:24:16 loop missing (completed 0/70) - relaunching
2026-10-04 19:26:28 loop missing (completed 0/70) - relaunching
2026-10-04 19:28:30 loop alive, completed 0/70
2026-10-04 19:30:10 supervisor v2 started (target=70)
2026-10-04 19:32:11 loop alive, completed 0/70
2026-10-04 19:34:11 loop alive, completed 0/70
2026-10-04 19:36:12 loop alive, completed 0/70
2026-10-04 19:38:12 loop alive, completed 0/70
2026-10-04 19:40:12 loop alive, completed 0/70
2026-10-04 19:42:13 loop alive, completed 4/70
2026-10-04 19:44:13 loop alive, completed 11/70
2026-10-04 19:46:13 loop alive, completed 11/70
2026-10-04 19:48:14 loop alive, completed 11/70
2026-10-04 19:50:14 loop alive, completed 13/70
2026-10-04 19:52:15 loop alive, completed 13/70
2026-10-04 19:54:15 loop alive, completed 15/70
2026-10-04 19:56:15 loop alive, completed 20/70
2026-10-04 19:58:16 loop alive, completed 23/70
2026-10-04 20:00:16 loop alive, completed 25/70
2026-10-04 20:02:17 loop alive, completed 25/70
2026-10-04 20:04:17 loop alive, completed 26/70
2026-10-04 20:06:18 loop alive, completed 27/70
2026-10-04 20:08:18 loop alive, completed 33/70
2026-10-04 20:10:19 loop alive, completed 37/70
2026-10-04 20:12:19 loop alive, completed 38/70
2026-10-04 20:14:20 loop alive, completed 38/70
2026-10-04 20:16:20 loop alive, completed 40/70
2026-10-04 20:18:21 loop alive, completed 41/70
2026-10-04 20:20:21 loop alive, completed 44/70
2026-10-04 20:22:22 loop alive, completed 49/70
2026-10-04 20:24:22 loop alive, completed 50/70
2026-10-04 20:26:23 loop alive, completed 51/70
2026-10-04 20:28:23 loop alive, completed 53/70
2026-10-04 20:30:24 loop alive, completed 55/70
2026-10-04 20:32:24 loop alive, completed 61/70
2026-10-04 20:34:25 loop alive, completed 62/70
2026-10-04 20:36:26 loop alive, completed 63/70
2026-10-04 20:38:27 loop alive, completed 64/70
2026-10-04 20:40:27 loop alive, completed 65/70
2026-10-04 20:42:28 loop alive, completed 66/70
2026-10-04 20:44:28 loop alive, completed 68/70
2026-10-04 20:46:29 collect complete (70/70) - supervisor exiting
